C:\projects\Lab_1_Morozov_TAU\Logical\Global.typ
C:\projects\Lab_1_Morozov_TAU\Logical\Global.var
C:\projects\Lab_1_Morozov_TAU\Logical\Libraries\operator\operator.fun
C:\projects\Lab_1_Morozov_TAU\Logical\Libraries\operator\operator.typ
C:\projects\Lab_1_Morozov_TAU\Logical\Libraries\operator\operator.var
C:\projects\Lab_1_Morozov_TAU\Logical\Libraries\runtime\runtime.fun
C:\projects\Lab_1_Morozov_TAU\Logical\Libraries\runtime\runtime.typ
C:\projects\Lab_1_Morozov_TAU\Logical\Libraries\runtime\runtime.var
C:\projects\Lab_1_Morozov_TAU\Logical\Libraries\astime\astime.fun
C:\projects\Lab_1_Morozov_TAU\Logical\Libraries\astime\astime.typ
C:\projects\Lab_1_Morozov_TAU\Logical\Libraries\astime\astime.var
C:\projects\Lab_1_Morozov_TAU\Logical\Libraries\AsIecCon\AsIecCon.fun
C:\projects\Lab_1_Morozov_TAU\Logical\Libraries\AsIecCon\AsIecCon.typ
C:\projects\Lab_1_Morozov_TAU\Logical\Libraries\AsIecCon\AsIecCon.var
C:\projects\Lab_1_Morozov_TAU\Logical\Libraries\Library\Types.typ
C:\projects\Lab_1_Morozov_TAU\Logical\Libraries\Library\Constants.var
C:\projects\Lab_1_Morozov_TAU\Logical\Libraries\Library\Library.fun
